== compileAndPrint ==
0000    1:33   OP_CONSTANT         0 'foreeeeeeeever'
0002    1:35   OP_PRINT
0003    1:37   OP_NEG_JUMP         3 -> 0
0007    1:37   OP_NIL
0008    1:37   OP_RETURN
