2
1
4
2
1
1
0
-2
4096
19
1
1
271825394
3.141592920353982
1
0.1415926500000002
8
1.618033988749895
2.718253968253968
3.129093141775721
3.142857142857143
2.925714285714285
7
6.2
3265602.408450704
