{"\\"land's end\\"": 3, "abc": "def", 1: 2}
12
a
{12: {12: [{12: [13, 14]}, 15]}}
{12: [{12: [13, 14]}, 15]}
{12: [13, 14]}
14
