   1:3    for
   1:5    '('
   1:6    ';'
   1:7    ';'
   1:8    ')'
   1:10   '{'
   1:16   print
   1:17   '('
   1:33   '"foreeeeeeeever"'
   1:34   ')'
   1:35   ';'
   1:37   '}'
   1:37   EOF
