   1:8    '"abcdef"'
   1:9    ';'
   1:15   ''123''
   1:16   ';'
   1:27   '"123456\""'
   3:8    '"multi
line
string!"'
   3:9    ';'
   4:18   '"after multiline?"'
   4:19   ';'
   5:5    ''abc''
   5:6    ';'
   5:6    EOF
