   1:10   3.14159265
   1:14   .13
   1:16   1
   1:20   0x5
   1:31   0xdeadbeef
   1:31   EOF
