[0, 1, -1, 3.141592653589793, -12345.6789]
[1.234567890123457e+20, -9.876543210987654e-15]
[0, -0]
[inf, -inf, nan]
[inf, -inf, nan]
1.797693134862316e+308
-1.797693134862316e+308
4.940656458412465e-324
[7.12, 123, 120000, 0.0012]
