Hello, world!!!
Hello, World!
13
13
13
Hello, World! INDEEEEEEEED, I SAY: Hello, World!
