print("howdy!"[0]);
h
print("howdy!"[1]);
o
print("howdy!"[2]);
w
print("howdy!"[3]);
d
print("howdy!"[-2]);
y
print("howdy!"[-1]);
!
print("howdy!"[:]);
howdy!
print("howdy!"[:0]);

print("howdy!"[:1]);
h
print("howdy!"[:-1]);
howdy
print("howdy!"[1:-1]);
owdy
print("howdy!"[0:-1]);
howdy
print("howdy!"[1:0]);

print("howdy!"[2:-2]);
wd
print("howdy!"[0:-2]);
howd
print("howdy!"[2:-1]);
wdy
print("howdy!"[0:]);
howdy!
print("howdy!"[1:]);
owdy!
print("howdy!"[-1:]);

print(#"howdy!");
6
