   1:1    '+'
   1:3    '-'
   1:5    '&'
   1:23   '^'
   1:25   '*'
   1:27   '**'
   1:27   EOF