   1:8    '"abcdef"'
   1:14   ''123''
   1:25   '"123456\""'
   1:25   EOF