   1:10   3.14159265
   1:11   ';'
   1:15   .13
   1:16   ';'
   1:18   1
   1:19   ';'
   1:23   0x5
   1:24   ';'
   1:35   0xdeadbeef
   1:36   ';'
   1:36   EOF
