   1:1    '+'
   1:3    '-'
   1:5    '&'
   1:23   '^'
   1:25   '*'
   1:28   '**'
   1:31   '!='
   1:34   '=='
   1:34   EOF
